12:17:42 **** Incremental Build of configuration Debug for project 1_Plot_Signal_ILA ****
make -j8 all 
arm-none-eabi-gcc "../Src/main.c" -mcpu=cortex-m4 -std=gnu11 -g3 -DDEBUG -DSTM32F411xE -DNUCLEO_F411RE -DSTM32 -DSTM32F4 -c -I../Inc -I"/home/michael/Documents/Udemy/AdvDSPonARM/AdvDSPWkSpace/1_Plot_Signal_ILA/chip_headers/CMSIS/Include" -I"/home/michael/Documents/Udemy/AdvDSPonARM/AdvDSPWkSpace/1_Plot_Signal_ILA/chip_headers/CMSIS/Device/ST/STM32F4xx/Include" -O0 -ffunction-sections -fdata-sections -Wall -fstack-usage -fcyclomatic-complexity -MMD -MP -MF"Src/main.d" -MT"Src/main.o" --specs=nano.specs -mfpu=fpv4-sp-d16 -mfloat-abi=hard -mthumb -o "Src/main.o"
arm-none-eabi-gcc -o "1_Plot_Signal_ILA.elf" @"objects.list"   -mcpu=cortex-m4 -T"/home/michael/Documents/Udemy/AdvDSPonARM/AdvDSPWkSpace/1_Plot_Signal_ILA/STM32F411RETX_FLASH.ld" --specs=nosys.specs -Wl,-Map="1_Plot_Signal_ILA.map" -Wl,--gc-sections -static --specs=nano.specs -mfpu=fpv4-sp-d16 -mfloat-abi=hard -mthumb -Wl,--start-group -lc -lm -Wl,--end-group
Finished building target: 1_Plot_Signal_ILA.elf
 
arm-none-eabi-size  1_Plot_Signal_ILA.elf 
arm-none-eabi-objdump -h -S 1_Plot_Signal_ILA.elf  > "1_Plot_Signal_ILA.list"
   text	   data	    bss	    dec	    hex	filename
    804	   1204	   1572	   3580	    dfc	1_Plot_Signal_ILA.elf
Finished building: default.size.stdout
 
Finished building: 1_Plot_Signal_ILA.list
 

12:17:43 Build Finished. 0 errors, 0 warnings. (took 1s.223ms)

