20:56:52 **** Incremental Build of configuration Debug for project 3_WaveformGeneration ****
make -j8 all 
arm-none-eabi-gcc "../Src/main.c" -mcpu=cortex-m4 -std=gnu11 -g3 -DDEBUG -D__FPU_PRESENT -DSTM32F411xE -DNUCLEO_F411RE -DSTM32 -DSTM32F4 -DARM_MATH_CM4 -c -I../Inc -I"/home/michael/Documents/Udemy/AdvDSPonARM/AdvDSPWkSpace/3_WaveformGeneration/Middlewares/Third_Party/FreeRTOS/Source/portable/GCC/ARM_CM4F" -I"/home/michael/Documents/Udemy/AdvDSPonARM/AdvDSPWkSpace/3_WaveformGeneration/Middlewares/Third_Party/FreeRTOS/Source/include" -I"/home/michael/Documents/Udemy/AdvDSPonARM/AdvDSPWkSpace/3_WaveformGeneration/chip_headers/CMSIS/DSP/Include" -I"/home/michael/Documents/Udemy/AdvDSPonARM/AdvDSPWkSpace/3_WaveformGeneration/chip_headers/CMSIS/Include" -I"/home/michael/Documents/Udemy/AdvDSPonARM/AdvDSPWkSpace/3_WaveformGeneration/chip_headers/CMSIS/Device/ST/STM32F4xx/Include" -O0 -ffunction-sections -fdata-sections -Wall -fstack-usage -fcyclomatic-complexity -MMD -MP -MF"Src/main.d" -MT"Src/main.o" --specs=nano.specs -mfpu=fpv4-sp-d16 -mfloat-abi=hard -mthumb -o "Src/main.o"
arm-none-eabi-gcc -o "3_WaveformGeneration.elf" @"objects.list"  -larm_cortexM4lf_math -mcpu=cortex-m4 -T"/home/michael/Documents/Udemy/AdvDSPonARM/AdvDSPWkSpace/3_WaveformGeneration/STM32F411RETX_FLASH.ld" --specs=nosys.specs -Wl,-Map="3_WaveformGeneration.map" -Wl,--gc-sections -static -L"/home/michael/Documents/Udemy/AdvDSPonARM/AdvDSPWkSpace/3_WaveformGeneration/chip_headers/CMSIS/Lib/GCC" --specs=nano.specs -mfpu=fpv4-sp-d16 -mfloat-abi=hard -mthumb -u _printf_float -u _scanf_float -Wl,--start-group -lc -lm -Wl,--end-group
Finished building target: 3_WaveformGeneration.elf
 
arm-none-eabi-size  3_WaveformGeneration.elf 
arm-none-eabi-objdump -h -S 3_WaveformGeneration.elf  > "3_WaveformGeneration.list"
   text	   data	    bss	    dec	    hex	filename
  30820	    468	  17676	  48964	   bf44	3_WaveformGeneration.elf
Finished building: default.size.stdout
 
Finished building: 3_WaveformGeneration.list
 

20:56:53 Build Finished. 0 errors, 0 warnings. (took 1s.537ms)

