22:41:04 **** Incremental Build of configuration Debug for project 5a_CMSIS_Test_Float32 ****
make -j8 all 
arm-none-eabi-gcc "../Src/main.c" -mcpu=cortex-m4 -std=gnu11 -g3 -DDEBUG -DSTM32F411xE -DNUCLEO_F411RE -DSTM32 -DSTM32F4 -DARM_MATH_CM4 -D__FPU_PRESENT -c -I../Inc -I"/home/michael/Documents/STCode/AdvDSPWkSpace/5a_CMSIS_Test_Float32/chip_headers/CMSIS/DSP/Include" -I"/home/michael/Documents/STCode/AdvDSPWkSpace/5a_CMSIS_Test_Float32/chip_headers/CMSIS/Include" -I"/home/michael/Documents/STCode/AdvDSPWkSpace/5a_CMSIS_Test_Float32/chip_headers/CMSIS/Device/ST/STM32F4xx/Include" -O0 -ffunction-sections -fdata-sections -Wall -fstack-usage -fcyclomatic-complexity -MMD -MP -MF"Src/main.d" -MT"Src/main.o" --specs=nano.specs -mfpu=fpv4-sp-d16 -mfloat-abi=hard -mthumb -o "Src/main.o"
arm-none-eabi-gcc -o "5a_CMSIS_Test_Float32.elf" @"objects.list"  -larm_cortexM4lf_math -mcpu=cortex-m4 -T"/home/michael/Documents/STCode/AdvDSPWkSpace/5a_CMSIS_Test_Float32/STM32F411RETX_FLASH.ld" --specs=nosys.specs -Wl,-Map="5a_CMSIS_Test_Float32.map" -Wl,--gc-sections -static -L"/home/michael/Documents/STCode/AdvDSPWkSpace/5a_CMSIS_Test_Float32/chip_headers/CMSIS/Lib/GCC" --specs=nano.specs -mfpu=fpv4-sp-d16 -mfloat-abi=hard -mthumb -u _printf_float -u _scanf_float -Wl,--start-group -lc -lm -Wl,--end-group
Finished building target: 5a_CMSIS_Test_Float32.elf
 
arm-none-eabi-size  5a_CMSIS_Test_Float32.elf 
arm-none-eabi-objdump -h -S 5a_CMSIS_Test_Float32.elf  > "5a_CMSIS_Test_Float32.list"
   text	   data	    bss	    dec	    hex	filename
  23644	   1736	   1904	  27284	   6a94	5a_CMSIS_Test_Float32.elf
Finished building: default.size.stdout
 
Finished building: 5a_CMSIS_Test_Float32.list
 

22:41:05 Build Finished. 0 errors, 0 warnings. (took 729ms)

