21:11:12 **** Build of configuration Debug for project 6_RealtimeDSP ****
make -j7 all 
arm-none-eabi-gcc -mcpu=cortex-m4 -g3 -DDEBUG -c -x assembler-with-cpp -MMD -MP -MF"Startup/startup_stm32f411retx.d" -MT"Startup/startup_stm32f411retx.o" --specs=nano.specs -mfpu=fpv4-sp-d16 -mfloat-abi=hard -mthumb -o "Startup/startup_stm32f411retx.o" "../Startup/startup_stm32f411retx.s"
arm-none-eabi-gcc "../Src/lowpassfilter.c" -mcpu=cortex-m4 -std=gnu11 -g3 -DDEBUG -D__FPU_PRESENT -DSTM32F411xE -DNUCLEO_F411RE -DSTM32 -DSTM32F4 -DARM_MATH_CM4 -c -I../Inc -I"/Users/michaelalex/Documents/Git/AdvDSPWkSpace/6_RealtimeDSP/Middlewares/Third_Party/FreeRTOS/Source/portable/GCC/ARM_CM4F" -I"/Users/michaelalex/Documents/Git/AdvDSPWkSpace/6_RealtimeDSP/Middlewares/Third_Party/FreeRTOS/Source/include" -I"/Users/michaelalex/Documents/Git/AdvDSPWkSpace/6_RealtimeDSP/chip_headers/CMSIS/DSP/Include" -I"/Users/michaelalex/Documents/Git/AdvDSPWkSpace/6_RealtimeDSP/chip_headers/CMSIS/Include" -I"/Users/michaelalex/Documents/Git/AdvDSPWkSpace/6_RealtimeDSP/chip_headers/CMSIS/Device/ST/STM32F4xx/Include" -O0 -ffunction-sections -fdata-sections -Wall -fstack-usage -fcyclomatic-complexity -MMD -MP -MF"Src/lowpassfilter.d" -MT"Src/lowpassfilter.o" --specs=nano.specs -mfpu=fpv4-sp-d16 -mfloat-abi=hard -mthumb -o "Src/lowpassfilter.o"
arm-none-eabi-gcc "../Src/main.c" -mcpu=cortex-m4 -std=gnu11 -g3 -DDEBUG -D__FPU_PRESENT -DSTM32F411xE -DNUCLEO_F411RE -DSTM32 -DSTM32F4 -DARM_MATH_CM4 -c -I../Inc -I"/Users/michaelalex/Documents/Git/AdvDSPWkSpace/6_RealtimeDSP/Middlewares/Third_Party/FreeRTOS/Source/portable/GCC/ARM_CM4F" -I"/Users/michaelalex/Documents/Git/AdvDSPWkSpace/6_RealtimeDSP/Middlewares/Third_Party/FreeRTOS/Source/include" -I"/Users/michaelalex/Documents/Git/AdvDSPWkSpace/6_RealtimeDSP/chip_headers/CMSIS/DSP/Include" -I"/Users/michaelalex/Documents/Git/AdvDSPWkSpace/6_RealtimeDSP/chip_headers/CMSIS/Include" -I"/Users/michaelalex/Documents/Git/AdvDSPWkSpace/6_RealtimeDSP/chip_headers/CMSIS/Device/ST/STM32F4xx/Include" -O0 -ffunction-sections -fdata-sections -Wall -fstack-usage -fcyclomatic-complexity -MMD -MP -MF"Src/main.d" -MT"Src/main.o" --specs=nano.specs -mfpu=fpv4-sp-d16 -mfloat-abi=hard -mthumb -o "Src/main.o"
arm-none-eabi-gcc "../Src/signals.c" -mcpu=cortex-m4 -std=gnu11 -g3 -DDEBUG -D__FPU_PRESENT -DSTM32F411xE -DNUCLEO_F411RE -DSTM32 -DSTM32F4 -DARM_MATH_CM4 -c -I../Inc -I"/Users/michaelalex/Documents/Git/AdvDSPWkSpace/6_RealtimeDSP/Middlewares/Third_Party/FreeRTOS/Source/portable/GCC/ARM_CM4F" -I"/Users/michaelalex/Documents/Git/AdvDSPWkSpace/6_RealtimeDSP/Middlewares/Third_Party/FreeRTOS/Source/include" -I"/Users/michaelalex/Documents/Git/AdvDSPWkSpace/6_RealtimeDSP/chip_headers/CMSIS/DSP/Include" -I"/Users/michaelalex/Documents/Git/AdvDSPWkSpace/6_RealtimeDSP/chip_headers/CMSIS/Include" -I"/Users/michaelalex/Documents/Git/AdvDSPWkSpace/6_RealtimeDSP/chip_headers/CMSIS/Device/ST/STM32F4xx/Include" -O0 -ffunction-sections -fdata-sections -Wall -fstack-usage -fcyclomatic-complexity -MMD -MP -MF"Src/signals.d" -MT"Src/signals.o" --specs=nano.specs -mfpu=fpv4-sp-d16 -mfloat-abi=hard -mthumb -o "Src/signals.o"
arm-none-eabi-gcc "../Src/sine_generator.c" -mcpu=cortex-m4 -std=gnu11 -g3 -DDEBUG -D__FPU_PRESENT -DSTM32F411xE -DNUCLEO_F411RE -DSTM32 -DSTM32F4 -DARM_MATH_CM4 -c -I../Inc -I"/Users/michaelalex/Documents/Git/AdvDSPWkSpace/6_RealtimeDSP/Middlewares/Third_Party/FreeRTOS/Source/portable/GCC/ARM_CM4F" -I"/Users/michaelalex/Documents/Git/AdvDSPWkSpace/6_RealtimeDSP/Middlewares/Third_Party/FreeRTOS/Source/include" -I"/Users/michaelalex/Documents/Git/AdvDSPWkSpace/6_RealtimeDSP/chip_headers/CMSIS/DSP/Include" -I"/Users/michaelalex/Documents/Git/AdvDSPWkSpace/6_RealtimeDSP/chip_headers/CMSIS/Include" -I"/Users/michaelalex/Documents/Git/AdvDSPWkSpace/6_RealtimeDSP/chip_headers/CMSIS/Device/ST/STM32F4xx/Include" -O0 -ffunction-sections -fdata-sections -Wall -fstack-usage -fcyclomatic-complexity -MMD -MP -MF"Src/sine_generator.d" -MT"Src/sine_generator.o" --specs=nano.specs -mfpu=fpv4-sp-d16 -mfloat-abi=hard -mthumb -o "Src/sine_generator.o"
arm-none-eabi-gcc "../Src/syscalls.c" -mcpu=cortex-m4 -std=gnu11 -g3 -DDEBUG -D__FPU_PRESENT -DSTM32F411xE -DNUCLEO_F411RE -DSTM32 -DSTM32F4 -DARM_MATH_CM4 -c -I../Inc -I"/Users/michaelalex/Documents/Git/AdvDSPWkSpace/6_RealtimeDSP/Middlewares/Third_Party/FreeRTOS/Source/portable/GCC/ARM_CM4F" -I"/Users/michaelalex/Documents/Git/AdvDSPWkSpace/6_RealtimeDSP/Middlewares/Third_Party/FreeRTOS/Source/include" -I"/Users/michaelalex/Documents/Git/AdvDSPWkSpace/6_RealtimeDSP/chip_headers/CMSIS/DSP/Include" -I"/Users/michaelalex/Documents/Git/AdvDSPWkSpace/6_RealtimeDSP/chip_headers/CMSIS/Include" -I"/Users/michaelalex/Documents/Git/AdvDSPWkSpace/6_RealtimeDSP/chip_headers/CMSIS/Device/ST/STM32F4xx/Include" -O0 -ffunction-sections -fdata-sections -Wall -fstack-usage -fcyclomatic-complexity -MMD -MP -MF"Src/syscalls.d" -MT"Src/syscalls.o" --specs=nano.specs -mfpu=fpv4-sp-d16 -mfloat-abi=hard -mthumb -o "Src/syscalls.o"
arm-none-eabi-gcc "../Src/sysmem.c" -mcpu=cortex-m4 -std=gnu11 -g3 -DDEBUG -D__FPU_PRESENT -DSTM32F411xE -DNUCLEO_F411RE -DSTM32 -DSTM32F4 -DARM_MATH_CM4 -c -I../Inc -I"/Users/michaelalex/Documents/Git/AdvDSPWkSpace/6_RealtimeDSP/Middlewares/Third_Party/FreeRTOS/Source/portable/GCC/ARM_CM4F" -I"/Users/michaelalex/Documents/Git/AdvDSPWkSpace/6_RealtimeDSP/Middlewares/Third_Party/FreeRTOS/Source/include" -I"/Users/michaelalex/Documents/Git/AdvDSPWkSpace/6_RealtimeDSP/chip_headers/CMSIS/DSP/Include" -I"/Users/michaelalex/Documents/Git/AdvDSPWkSpace/6_RealtimeDSP/chip_headers/CMSIS/Include" -I"/Users/michaelalex/Documents/Git/AdvDSPWkSpace/6_RealtimeDSP/chip_headers/CMSIS/Device/ST/STM32F4xx/Include" -O0 -ffunction-sections -fdata-sections -Wall -fstack-usage -fcyclomatic-complexity -MMD -MP -MF"Src/sysmem.d" -MT"Src/sysmem.o" --specs=nano.specs -mfpu=fpv4-sp-d16 -mfloat-abi=hard -mthumb -o "Src/sysmem.o"
arm-none-eabi-gcc "../Src/system_stm32f4xx.c" -mcpu=cortex-m4 -std=gnu11 -g3 -DDEBUG -D__FPU_PRESENT -DSTM32F411xE -DNUCLEO_F411RE -DSTM32 -DSTM32F4 -DARM_MATH_CM4 -c -I../Inc -I"/Users/michaelalex/Documents/Git/AdvDSPWkSpace/6_RealtimeDSP/Middlewares/Third_Party/FreeRTOS/Source/portable/GCC/ARM_CM4F" -I"/Users/michaelalex/Documents/Git/AdvDSPWkSpace/6_RealtimeDSP/Middlewares/Third_Party/FreeRTOS/Source/include" -I"/Users/michaelalex/Documents/Git/AdvDSPWkSpace/6_RealtimeDSP/chip_headers/CMSIS/DSP/Include" -I"/Users/michaelalex/Documents/Git/AdvDSPWkSpace/6_RealtimeDSP/chip_headers/CMSIS/Include" -I"/Users/michaelalex/Documents/Git/AdvDSPWkSpace/6_RealtimeDSP/chip_headers/CMSIS/Device/ST/STM32F4xx/Include" -O0 -ffunction-sections -fdata-sections -Wall -fstack-usage -fcyclomatic-complexity -MMD -MP -MF"Src/system_stm32f4xx.d" -MT"Src/system_stm32f4xx.o" --specs=nano.specs -mfpu=fpv4-sp-d16 -mfloat-abi=hard -mthumb -o "Src/system_stm32f4xx.o"
arm-none-eabi-gcc "../Src/uart.c" -mcpu=cortex-m4 -std=gnu11 -g3 -DDEBUG -D__FPU_PRESENT -DSTM32F411xE -DNUCLEO_F411RE -DSTM32 -DSTM32F4 -DARM_MATH_CM4 -c -I../Inc -I"/Users/michaelalex/Documents/Git/AdvDSPWkSpace/6_RealtimeDSP/Middlewares/Third_Party/FreeRTOS/Source/portable/GCC/ARM_CM4F" -I"/Users/michaelalex/Documents/Git/AdvDSPWkSpace/6_RealtimeDSP/Middlewares/Third_Party/FreeRTOS/Source/include" -I"/Users/michaelalex/Documents/Git/AdvDSPWkSpace/6_RealtimeDSP/chip_headers/CMSIS/DSP/Include" -I"/Users/michaelalex/Documents/Git/AdvDSPWkSpace/6_RealtimeDSP/chip_headers/CMSIS/Include" -I"/Users/michaelalex/Documents/Git/AdvDSPWkSpace/6_RealtimeDSP/chip_headers/CMSIS/Device/ST/STM32F4xx/Include" -O0 -ffunction-sections -fdata-sections -Wall -fstack-usage -fcyclomatic-complexity -MMD -MP -MF"Src/uart.d" -MT"Src/uart.o" --specs=nano.specs -mfpu=fpv4-sp-d16 -mfloat-abi=hard -mthumb -o "Src/uart.o"
arm-none-eabi-gcc "../Middlewares/Third_Party/FreeRTOS/Source/portable/MemMang/heap_4.c" -mcpu=cortex-m4 -std=gnu11 -g3 -DDEBUG -D__FPU_PRESENT -DSTM32F411xE -DNUCLEO_F411RE -DSTM32 -DSTM32F4 -DARM_MATH_CM4 -c -I../Inc -I"/Users/michaelalex/Documents/Git/AdvDSPWkSpace/6_RealtimeDSP/Middlewares/Third_Party/FreeRTOS/Source/portable/GCC/ARM_CM4F" -I"/Users/michaelalex/Documents/Git/AdvDSPWkSpace/6_RealtimeDSP/Middlewares/Third_Party/FreeRTOS/Source/include" -I"/Users/michaelalex/Documents/Git/AdvDSPWkSpace/6_RealtimeDSP/chip_headers/CMSIS/DSP/Include" -I"/Users/michaelalex/Documents/Git/AdvDSPWkSpace/6_RealtimeDSP/chip_headers/CMSIS/Include" -I"/Users/michaelalex/Documents/Git/AdvDSPWkSpace/6_RealtimeDSP/chip_headers/CMSIS/Device/ST/STM32F4xx/Include" -O0 -ffunction-sections -fdata-sections -Wall -fstack-usage -fcyclomatic-complexity -MMD -MP -MF"Middlewares/Third_Party/FreeRTOS/Source/portable/MemMang/heap_4.d" -MT"Middlewares/Third_Party/FreeRTOS/Source/portable/MemMang/heap_4.o" --specs=nano.specs -mfpu=fpv4-sp-d16 -mfloat-abi=hard -mthumb -o "Middlewares/Third_Party/FreeRTOS/Source/portable/MemMang/heap_4.o"
arm-none-eabi-gcc "../Middlewares/Third_Party/FreeRTOS/Source/portable/GCC/ARM_CM4F/port.c" -mcpu=cortex-m4 -std=gnu11 -g3 -DDEBUG -D__FPU_PRESENT -DSTM32F411xE -DNUCLEO_F411RE -DSTM32 -DSTM32F4 -DARM_MATH_CM4 -c -I../Inc -I"/Users/michaelalex/Documents/Git/AdvDSPWkSpace/6_RealtimeDSP/Middlewares/Third_Party/FreeRTOS/Source/portable/GCC/ARM_CM4F" -I"/Users/michaelalex/Documents/Git/AdvDSPWkSpace/6_RealtimeDSP/Middlewares/Third_Party/FreeRTOS/Source/include" -I"/Users/michaelalex/Documents/Git/AdvDSPWkSpace/6_RealtimeDSP/chip_headers/CMSIS/DSP/Include" -I"/Users/michaelalex/Documents/Git/AdvDSPWkSpace/6_RealtimeDSP/chip_headers/CMSIS/Include" -I"/Users/michaelalex/Documents/Git/AdvDSPWkSpace/6_RealtimeDSP/chip_headers/CMSIS/Device/ST/STM32F4xx/Include" -O0 -ffunction-sections -fdata-sections -Wall -fstack-usage -fcyclomatic-complexity -MMD -MP -MF"Middlewares/Third_Party/FreeRTOS/Source/portable/GCC/ARM_CM4F/port.d" -MT"Middlewares/Third_Party/FreeRTOS/Source/portable/GCC/ARM_CM4F/port.o" --specs=nano.specs -mfpu=fpv4-sp-d16 -mfloat-abi=hard -mthumb -o "Middlewares/Third_Party/FreeRTOS/Source/portable/GCC/ARM_CM4F/port.o"
arm-none-eabi-gcc "../Middlewares/Third_Party/FreeRTOS/Source/croutine.c" -mcpu=cortex-m4 -std=gnu11 -g3 -DDEBUG -D__FPU_PRESENT -DSTM32F411xE -DNUCLEO_F411RE -DSTM32 -DSTM32F4 -DARM_MATH_CM4 -c -I../Inc -I"/Users/michaelalex/Documents/Git/AdvDSPWkSpace/6_RealtimeDSP/Middlewares/Third_Party/FreeRTOS/Source/portable/GCC/ARM_CM4F" -I"/Users/michaelalex/Documents/Git/AdvDSPWkSpace/6_RealtimeDSP/Middlewares/Third_Party/FreeRTOS/Source/include" -I"/Users/michaelalex/Documents/Git/AdvDSPWkSpace/6_RealtimeDSP/chip_headers/CMSIS/DSP/Include" -I"/Users/michaelalex/Documents/Git/AdvDSPWkSpace/6_RealtimeDSP/chip_headers/CMSIS/Include" -I"/Users/michaelalex/Documents/Git/AdvDSPWkSpace/6_RealtimeDSP/chip_headers/CMSIS/Device/ST/STM32F4xx/Include" -O0 -ffunction-sections -fdata-sections -Wall -fstack-usage -fcyclomatic-complexity -MMD -MP -MF"Middlewares/Third_Party/FreeRTOS/Source/croutine.d" -MT"Middlewares/Third_Party/FreeRTOS/Source/croutine.o" --specs=nano.specs -mfpu=fpv4-sp-d16 -mfloat-abi=hard -mthumb -o "Middlewares/Third_Party/FreeRTOS/Source/croutine.o"
arm-none-eabi-gcc "../Middlewares/Third_Party/FreeRTOS/Source/event_groups.c" -mcpu=cortex-m4 -std=gnu11 -g3 -DDEBUG -D__FPU_PRESENT -DSTM32F411xE -DNUCLEO_F411RE -DSTM32 -DSTM32F4 -DARM_MATH_CM4 -c -I../Inc -I"/Users/michaelalex/Documents/Git/AdvDSPWkSpace/6_RealtimeDSP/Middlewares/Third_Party/FreeRTOS/Source/portable/GCC/ARM_CM4F" -I"/Users/michaelalex/Documents/Git/AdvDSPWkSpace/6_RealtimeDSP/Middlewares/Third_Party/FreeRTOS/Source/include" -I"/Users/michaelalex/Documents/Git/AdvDSPWkSpace/6_RealtimeDSP/chip_headers/CMSIS/DSP/Include" -I"/Users/michaelalex/Documents/Git/AdvDSPWkSpace/6_RealtimeDSP/chip_headers/CMSIS/Include" -I"/Users/michaelalex/Documents/Git/AdvDSPWkSpace/6_RealtimeDSP/chip_headers/CMSIS/Device/ST/STM32F4xx/Include" -O0 -ffunction-sections -fdata-sections -Wall -fstack-usage -fcyclomatic-complexity -MMD -MP -MF"Middlewares/Third_Party/FreeRTOS/Source/event_groups.d" -MT"Middlewares/Third_Party/FreeRTOS/Source/event_groups.o" --specs=nano.specs -mfpu=fpv4-sp-d16 -mfloat-abi=hard -mthumb -o "Middlewares/Third_Party/FreeRTOS/Source/event_groups.o"
../Src/main.c:216:13: warning: 'pseudo_dly' defined but not used [-Wunused-function]
  216 | static void pseudo_dly(int dly)
      |             ^~~~~~~~~~
arm-none-eabi-gcc "../Middlewares/Third_Party/FreeRTOS/Source/list.c" -mcpu=cortex-m4 -std=gnu11 -g3 -DDEBUG -D__FPU_PRESENT -DSTM32F411xE -DNUCLEO_F411RE -DSTM32 -DSTM32F4 -DARM_MATH_CM4 -c -I../Inc -I"/Users/michaelalex/Documents/Git/AdvDSPWkSpace/6_RealtimeDSP/Middlewares/Third_Party/FreeRTOS/Source/portable/GCC/ARM_CM4F" -I"/Users/michaelalex/Documents/Git/AdvDSPWkSpace/6_RealtimeDSP/Middlewares/Third_Party/FreeRTOS/Source/include" -I"/Users/michaelalex/Documents/Git/AdvDSPWkSpace/6_RealtimeDSP/chip_headers/CMSIS/DSP/Include" -I"/Users/michaelalex/Documents/Git/AdvDSPWkSpace/6_RealtimeDSP/chip_headers/CMSIS/Include" -I"/Users/michaelalex/Documents/Git/AdvDSPWkSpace/6_RealtimeDSP/chip_headers/CMSIS/Device/ST/STM32F4xx/Include" -O0 -ffunction-sections -fdata-sections -Wall -fstack-usage -fcyclomatic-complexity -MMD -MP -MF"Middlewares/Third_Party/FreeRTOS/Source/list.d" -MT"Middlewares/Third_Party/FreeRTOS/Source/list.o" --specs=nano.specs -mfpu=fpv4-sp-d16 -mfloat-abi=hard -mthumb -o "Middlewares/Third_Party/FreeRTOS/Source/list.o"
arm-none-eabi-gcc "../Middlewares/Third_Party/FreeRTOS/Source/queue.c" -mcpu=cortex-m4 -std=gnu11 -g3 -DDEBUG -D__FPU_PRESENT -DSTM32F411xE -DNUCLEO_F411RE -DSTM32 -DSTM32F4 -DARM_MATH_CM4 -c -I../Inc -I"/Users/michaelalex/Documents/Git/AdvDSPWkSpace/6_RealtimeDSP/Middlewares/Third_Party/FreeRTOS/Source/portable/GCC/ARM_CM4F" -I"/Users/michaelalex/Documents/Git/AdvDSPWkSpace/6_RealtimeDSP/Middlewares/Third_Party/FreeRTOS/Source/include" -I"/Users/michaelalex/Documents/Git/AdvDSPWkSpace/6_RealtimeDSP/chip_headers/CMSIS/DSP/Include" -I"/Users/michaelalex/Documents/Git/AdvDSPWkSpace/6_RealtimeDSP/chip_headers/CMSIS/Include" -I"/Users/michaelalex/Documents/Git/AdvDSPWkSpace/6_RealtimeDSP/chip_headers/CMSIS/Device/ST/STM32F4xx/Include" -O0 -ffunction-sections -fdata-sections -Wall -fstack-usage -fcyclomatic-complexity -MMD -MP -MF"Middlewares/Third_Party/FreeRTOS/Source/queue.d" -MT"Middlewares/Third_Party/FreeRTOS/Source/queue.o" --specs=nano.specs -mfpu=fpv4-sp-d16 -mfloat-abi=hard -mthumb -o "Middlewares/Third_Party/FreeRTOS/Source/queue.o"
arm-none-eabi-gcc "../Middlewares/Third_Party/FreeRTOS/Source/stream_buffer.c" -mcpu=cortex-m4 -std=gnu11 -g3 -DDEBUG -D__FPU_PRESENT -DSTM32F411xE -DNUCLEO_F411RE -DSTM32 -DSTM32F4 -DARM_MATH_CM4 -c -I../Inc -I"/Users/michaelalex/Documents/Git/AdvDSPWkSpace/6_RealtimeDSP/Middlewares/Third_Party/FreeRTOS/Source/portable/GCC/ARM_CM4F" -I"/Users/michaelalex/Documents/Git/AdvDSPWkSpace/6_RealtimeDSP/Middlewares/Third_Party/FreeRTOS/Source/include" -I"/Users/michaelalex/Documents/Git/AdvDSPWkSpace/6_RealtimeDSP/chip_headers/CMSIS/DSP/Include" -I"/Users/michaelalex/Documents/Git/AdvDSPWkSpace/6_RealtimeDSP/chip_headers/CMSIS/Include" -I"/Users/michaelalex/Documents/Git/AdvDSPWkSpace/6_RealtimeDSP/chip_headers/CMSIS/Device/ST/STM32F4xx/Include" -O0 -ffunction-sections -fdata-sections -Wall -fstack-usage -fcyclomatic-complexity -MMD -MP -MF"Middlewares/Third_Party/FreeRTOS/Source/stream_buffer.d" -MT"Middlewares/Third_Party/FreeRTOS/Source/stream_buffer.o" --specs=nano.specs -mfpu=fpv4-sp-d16 -mfloat-abi=hard -mthumb -o "Middlewares/Third_Party/FreeRTOS/Source/stream_buffer.o"
arm-none-eabi-gcc "../Middlewares/Third_Party/FreeRTOS/Source/tasks.c" -mcpu=cortex-m4 -std=gnu11 -g3 -DDEBUG -D__FPU_PRESENT -DSTM32F411xE -DNUCLEO_F411RE -DSTM32 -DSTM32F4 -DARM_MATH_CM4 -c -I../Inc -I"/Users/michaelalex/Documents/Git/AdvDSPWkSpace/6_RealtimeDSP/Middlewares/Third_Party/FreeRTOS/Source/portable/GCC/ARM_CM4F" -I"/Users/michaelalex/Documents/Git/AdvDSPWkSpace/6_RealtimeDSP/Middlewares/Third_Party/FreeRTOS/Source/include" -I"/Users/michaelalex/Documents/Git/AdvDSPWkSpace/6_RealtimeDSP/chip_headers/CMSIS/DSP/Include" -I"/Users/michaelalex/Documents/Git/AdvDSPWkSpace/6_RealtimeDSP/chip_headers/CMSIS/Include" -I"/Users/michaelalex/Documents/Git/AdvDSPWkSpace/6_RealtimeDSP/chip_headers/CMSIS/Device/ST/STM32F4xx/Include" -O0 -ffunction-sections -fdata-sections -Wall -fstack-usage -fcyclomatic-complexity -MMD -MP -MF"Middlewares/Third_Party/FreeRTOS/Source/tasks.d" -MT"Middlewares/Third_Party/FreeRTOS/Source/tasks.o" --specs=nano.specs -mfpu=fpv4-sp-d16 -mfloat-abi=hard -mthumb -o "Middlewares/Third_Party/FreeRTOS/Source/tasks.o"
arm-none-eabi-gcc "../Middlewares/Third_Party/FreeRTOS/Source/timers.c" -mcpu=cortex-m4 -std=gnu11 -g3 -DDEBUG -D__FPU_PRESENT -DSTM32F411xE -DNUCLEO_F411RE -DSTM32 -DSTM32F4 -DARM_MATH_CM4 -c -I../Inc -I"/Users/michaelalex/Documents/Git/AdvDSPWkSpace/6_RealtimeDSP/Middlewares/Third_Party/FreeRTOS/Source/portable/GCC/ARM_CM4F" -I"/Users/michaelalex/Documents/Git/AdvDSPWkSpace/6_RealtimeDSP/Middlewares/Third_Party/FreeRTOS/Source/include" -I"/Users/michaelalex/Documents/Git/AdvDSPWkSpace/6_RealtimeDSP/chip_headers/CMSIS/DSP/Include" -I"/Users/michaelalex/Documents/Git/AdvDSPWkSpace/6_RealtimeDSP/chip_headers/CMSIS/Include" -I"/Users/michaelalex/Documents/Git/AdvDSPWkSpace/6_RealtimeDSP/chip_headers/CMSIS/Device/ST/STM32F4xx/Include" -O0 -ffunction-sections -fdata-sections -Wall -fstack-usage -fcyclomatic-complexity -MMD -MP -MF"Middlewares/Third_Party/FreeRTOS/Source/timers.d" -MT"Middlewares/Third_Party/FreeRTOS/Source/timers.o" --specs=nano.specs -mfpu=fpv4-sp-d16 -mfloat-abi=hard -mthumb -o "Middlewares/Third_Party/FreeRTOS/Source/timers.o"
arm-none-eabi-gcc -o "6_RealtimeDSP.elf" @"objects.list"  -larm_cortexM4lf_math -mcpu=cortex-m4 -T"/Users/michaelalex/Documents/Git/AdvDSPWkSpace/6_RealtimeDSP/STM32F411RETX_FLASH.ld" --specs=nosys.specs -Wl,-Map="6_RealtimeDSP.map" -Wl,--gc-sections -static -L"/Users/michaelalex/Documents/Git/AdvDSPWkSpace/6_RealtimeDSP/chip_headers/CMSIS/Lib/GCC" --specs=nano.specs -mfpu=fpv4-sp-d16 -mfloat-abi=hard -mthumb -u _printf_float -u _scanf_float -Wl,--start-group -lc -lm -Wl,--end-group
Finished building target: 6_RealtimeDSP.elf
 
arm-none-eabi-size  6_RealtimeDSP.elf 
arm-none-eabi-objdump -h -S 6_RealtimeDSP.elf  > "6_RealtimeDSP.list"
   text	   data	    bss	    dec	    hex	filename
  36656	    540	  17780	  54976	   d6c0	6_RealtimeDSP.elf
Finished building: default.size.stdout
 
Finished building: 6_RealtimeDSP.list
 

21:11:13 Build Finished. 0 errors, 1 warnings. (took 873ms)

