20:35:37 **** Incremental Build of configuration Debug for project 6_RealtimeDSP ****
make -j8 all 
arm-none-eabi-gcc "../Src/lowpassfilter.c" -mcpu=cortex-m4 -std=gnu11 -g3 -DDEBUG -D__FPU_PRESENT -DSTM32F411xE -DNUCLEO_F411RE -DSTM32 -DSTM32F4 -DARM_MATH_CM4 -c -I../Inc -I"/home/michael/Documents/Udemy/AdvDSPonARM/AdvDSPWkSpace/6_RealtimeDSP/Middlewares/Third_Party/FreeRTOS/Source/portable/GCC/ARM_CM4F" -I"/home/michael/Documents/Udemy/AdvDSPonARM/AdvDSPWkSpace/6_RealtimeDSP/Middlewares/Third_Party/FreeRTOS/Source/include" -I"/home/michael/Documents/Udemy/AdvDSPonARM/AdvDSPWkSpace/6_RealtimeDSP/chip_headers/CMSIS/DSP/Include" -I"/home/michael/Documents/Udemy/AdvDSPonARM/AdvDSPWkSpace/6_RealtimeDSP/chip_headers/CMSIS/Include" -I"/home/michael/Documents/Udemy/AdvDSPonARM/AdvDSPWkSpace/6_RealtimeDSP/chip_headers/CMSIS/Device/ST/STM32F4xx/Include" -O0 -ffunction-sections -fdata-sections -Wall -fstack-usage -fcyclomatic-complexity -MMD -MP -MF"Src/lowpassfilter.d" -MT"Src/lowpassfilter.o" --specs=nano.specs -mfpu=fpv4-sp-d16 -mfloat-abi=hard -mthumb -o "Src/lowpassfilter.o"
arm-none-eabi-gcc "../Src/main.c" -mcpu=cortex-m4 -std=gnu11 -g3 -DDEBUG -D__FPU_PRESENT -DSTM32F411xE -DNUCLEO_F411RE -DSTM32 -DSTM32F4 -DARM_MATH_CM4 -c -I../Inc -I"/home/michael/Documents/Udemy/AdvDSPonARM/AdvDSPWkSpace/6_RealtimeDSP/Middlewares/Third_Party/FreeRTOS/Source/portable/GCC/ARM_CM4F" -I"/home/michael/Documents/Udemy/AdvDSPonARM/AdvDSPWkSpace/6_RealtimeDSP/Middlewares/Third_Party/FreeRTOS/Source/include" -I"/home/michael/Documents/Udemy/AdvDSPonARM/AdvDSPWkSpace/6_RealtimeDSP/chip_headers/CMSIS/DSP/Include" -I"/home/michael/Documents/Udemy/AdvDSPonARM/AdvDSPWkSpace/6_RealtimeDSP/chip_headers/CMSIS/Include" -I"/home/michael/Documents/Udemy/AdvDSPonARM/AdvDSPWkSpace/6_RealtimeDSP/chip_headers/CMSIS/Device/ST/STM32F4xx/Include" -O0 -ffunction-sections -fdata-sections -Wall -fstack-usage -fcyclomatic-complexity -MMD -MP -MF"Src/main.d" -MT"Src/main.o" --specs=nano.specs -mfpu=fpv4-sp-d16 -mfloat-abi=hard -mthumb -o "Src/main.o"
../Src/main.c:210:13: warning: 'pseudo_dly' defined but not used [-Wunused-function]
  210 | static void pseudo_dly(int dly)
      |             ^~~~~~~~~~
arm-none-eabi-gcc -o "6_RealtimeDSP.elf" @"objects.list"  -larm_cortexM4lf_math -mcpu=cortex-m4 -T"/home/michael/Documents/Udemy/AdvDSPonARM/AdvDSPWkSpace/6_RealtimeDSP/STM32F411RETX_FLASH.ld" --specs=nosys.specs -Wl,-Map="6_RealtimeDSP.map" -Wl,--gc-sections -static -L"/home/michael/Documents/Udemy/AdvDSPonARM/AdvDSPWkSpace/6_RealtimeDSP/chip_headers/CMSIS/Lib/GCC" --specs=nano.specs -mfpu=fpv4-sp-d16 -mfloat-abi=hard -mthumb -u _printf_float -u _scanf_float -Wl,--start-group -lc -lm -Wl,--end-group
Finished building target: 6_RealtimeDSP.elf
 
arm-none-eabi-size  6_RealtimeDSP.elf 
arm-none-eabi-objdump -h -S 6_RealtimeDSP.elf  > "6_RealtimeDSP.list"
   text	   data	    bss	    dec	    hex	filename
  36660	    540	  17780	  54980	   d6c4	6_RealtimeDSP.elf
Finished building: default.size.stdout
 
Finished building: 6_RealtimeDSP.list
 

20:35:39 Build Finished. 0 errors, 1 warnings. (took 1s.484ms)

