22:51:18 **** Incremental Build of configuration Debug for project 8_RealtimeDSP_LiveData ****
make -j8 all 
arm-none-eabi-gcc "../Src/lowpassfilter.c" -mcpu=cortex-m4 -std=gnu11 -g3 -DDEBUG -D__FPU_PRESENT -DSTM32F411xE -DNUCLEO_F411RE -DSTM32 -DSTM32F4 -DARM_MATH_CM4 -c -I../Inc -I"/home/michael/Documents/Udemy/AdvDSPonARM/AdvDSPWkSpace/8_RealtimeDSP_LiveData/Middlewares/Third_Party/FreeRTOS/Source/portable/GCC/ARM_CM4F" -I"/home/michael/Documents/Udemy/AdvDSPonARM/AdvDSPWkSpace/8_RealtimeDSP_LiveData/Middlewares/Third_Party/FreeRTOS/Source/include" -I"/home/michael/Documents/Udemy/AdvDSPonARM/AdvDSPWkSpace/8_RealtimeDSP_LiveData/chip_headers/CMSIS/DSP/Include" -I"/home/michael/Documents/Udemy/AdvDSPonARM/AdvDSPWkSpace/8_RealtimeDSP_LiveData/chip_headers/CMSIS/Include" -I"/home/michael/Documents/Udemy/AdvDSPonARM/AdvDSPWkSpace/8_RealtimeDSP_LiveData/chip_headers/CMSIS/Device/ST/STM32F4xx/Include" -O0 -ffunction-sections -fdata-sections -Wall -fstack-usage -fcyclomatic-complexity -MMD -MP -MF"Src/lowpassfilter.d" -MT"Src/lowpassfilter.o" --specs=nano.specs -mfpu=fpv4-sp-d16 -mfloat-abi=hard -mthumb -o "Src/lowpassfilter.o"
arm-none-eabi-gcc -o "8_RealtimeDSP_LiveData.elf" @"objects.list"  -larm_cortexM4lf_math -mcpu=cortex-m4 -T"/home/michael/Documents/Udemy/AdvDSPonARM/AdvDSPWkSpace/8_RealtimeDSP_LiveData/STM32F411RETX_FLASH.ld" --specs=nosys.specs -Wl,-Map="8_RealtimeDSP_LiveData.map" -Wl,--gc-sections -static -L"/home/michael/Documents/Udemy/AdvDSPonARM/AdvDSPWkSpace/8_RealtimeDSP_LiveData/chip_headers/CMSIS/Lib/GCC" --specs=nano.specs -mfpu=fpv4-sp-d16 -mfloat-abi=hard -mthumb -u _printf_float -u _scanf_float -Wl,--start-group -lc -lm -Wl,--end-group
Finished building target: 8_RealtimeDSP_LiveData.elf
 
arm-none-eabi-size  8_RealtimeDSP_LiveData.elf 
arm-none-eabi-objdump -h -S 8_RealtimeDSP_LiveData.elf  > "8_RealtimeDSP_LiveData.list"
   text	   data	    bss	    dec	    hex	filename
  36820	    600	  17848	  55268	   d7e4	8_RealtimeDSP_LiveData.elf
Finished building: default.size.stdout
 
Finished building: 8_RealtimeDSP_LiveData.list
 

22:51:19 Build Finished. 0 errors, 0 warnings. (took 1s.288ms)

