21:12:28 **** Incremental Build of configuration Debug for project 12_MovingAverageFilter ****
make -j8 all 
arm-none-eabi-gcc "../Src/main.c" -mcpu=cortex-m4 -std=gnu11 -g3 -DDEBUG -D__FPU_PRESENT -DSTM32F411xE -DNUCLEO_F411RE -DSTM32 -DSTM32F4 -DARM_MATH_CM4 -c -I../Inc -I"/home/michael/Documents/Udemy/AdvDSPonARM/AdvDSPWkSpace/12_MovingAverageFilter/Middlewares/Third_Party/FreeRTOS/Source/portable/GCC/ARM_CM4F" -I"/home/michael/Documents/Udemy/AdvDSPonARM/AdvDSPWkSpace/12_MovingAverageFilter/Middlewares/Third_Party/FreeRTOS/Source/include" -I"/home/michael/Documents/Udemy/AdvDSPonARM/AdvDSPWkSpace/12_MovingAverageFilter/chip_headers/CMSIS/DSP/Include" -I"/home/michael/Documents/Udemy/AdvDSPonARM/AdvDSPWkSpace/12_MovingAverageFilter/chip_headers/CMSIS/Include" -I"/home/michael/Documents/Udemy/AdvDSPonARM/AdvDSPWkSpace/12_MovingAverageFilter/chip_headers/CMSIS/Device/ST/STM32F4xx/Include" -O0 -ffunction-sections -fdata-sections -Wall -fstack-usage -fcyclomatic-complexity -MMD -MP -MF"Src/main.d" -MT"Src/main.o" --specs=nano.specs -mfpu=fpv4-sp-d16 -mfloat-abi=hard -mthumb -o "Src/main.o"
arm-none-eabi-gcc -o "12_MovingAverageFilter.elf" @"objects.list"  -larm_cortexM4lf_math -mcpu=cortex-m4 -T"/home/michael/Documents/Udemy/AdvDSPonARM/AdvDSPWkSpace/12_MovingAverageFilter/STM32F411RETX_FLASH.ld" --specs=nosys.specs -Wl,-Map="12_MovingAverageFilter.map" -Wl,--gc-sections -static -L"/home/michael/Documents/Udemy/AdvDSPonARM/AdvDSPWkSpace/12_MovingAverageFilter/chip_headers/CMSIS/Lib/GCC" --specs=nano.specs -mfpu=fpv4-sp-d16 -mfloat-abi=hard -mthumb -u _printf_float -u _scanf_float -Wl,--start-group -lc -lm -Wl,--end-group
Finished building target: 12_MovingAverageFilter.elf
 
arm-none-eabi-size  12_MovingAverageFilter.elf 
arm-none-eabi-objdump -h -S 12_MovingAverageFilter.elf  > "12_MovingAverageFilter.list"
   text	   data	    bss	    dec	    hex	filename
  24948	   1736	   3368	  30052	   7564	12_MovingAverageFilter.elf
Finished building: default.size.stdout
 
Finished building: 12_MovingAverageFilter.list
 
21:12:34 **** Incremental Build of configuration Debug for project 12_MovingAverageFilter ****
make -j8 all 
arm-none-eabi-size  12_MovingAverageFilter.elf 
   text	   data	    bss	    dec	    hex	filename
  24948	   1736	   3368	  30052	   7564	12_MovingAverageFilter.elf
Finished building: default.size.stdout
 
